
> frontend@0.1.0 build
> react-scripts build

Creating an optimized production build...
Failed to compile.

[eslint] 
src\pages\Reports.jsx
  Line 129:84:  'BarChart3' is not defined  react/jsx-no-undef

Search for the keywords to learn more about each error.


